 Vitest  "deps.inline" is deprecated. If you rely on vite-node directly, use "server.deps.inline" instead. Otherwise, consider using "deps.optimizer.web.include"
